задание: 2.1.4
проект: 211-command-usb
устройство: 2e8a:000a
серийный номер: E66540F0A325742C
порт: COM4
начало: 2026-10-04T16:53:12
   0.000 --> fw_info
   0.156 <-- fw_info
   0.156 <-- dbg read_line:90 got fw_info
   0.156 <-- object, address, value
   0.156 <-- main            0x10000329  0xb5f0
   0.156 <-- fw_info         0x1000069d  0x4b3b
   0.156 <-- commands        0x10007b64
   0.156 <-- - enable        0x10000281
   0.156 <-- - disable       0x100002bd
   0.156 <-- - info          0x100002f9
   0.156 <-- - version       0x10000301
   0.156 <-- - ping          0x10000309
   0.156 <-- - mem_info      0x10000319
   0.156 <-- - fw_info       0x10000321
   0.156 <-- DEVICE_PROJECT  0x100076c8  211-command-usb
   0.156 <-- DEVICE_BOARD    0x10007720  pico
   0.156 <-- data_variable   0x20000f40  102
   0.156 <-- bss_variable    0x20001f0c  2
   0.156 <-- stack_variable  0x20041f7c  1946
   0.156 <-- heap_variable   0x20002408  1951
   2.203 --> fw_info
   2.359 <-- fw_info
   2.359 <-- dbg read_line:90 got fw_info
   2.359 <-- object, address, value
   2.359 <-- main            0x10000329  0xb5f0
   2.359 <-- fw_info         0x1000069d  0x4b3b
   2.359 <-- commands        0x10007b64
   2.359 <-- - enable        0x10000281
   2.359 <-- - disable       0x100002bd
   2.359 <-- - info          0x100002f9
   2.359 <-- - version       0x10000301
   2.359 <-- - ping          0x10000309
   2.359 <-- - mem_info      0x10000319
   2.359 <-- - fw_info       0x10000321
   2.359 <-- DEVICE_PROJECT  0x100076c8  211-command-usb
   2.359 <-- DEVICE_BOARD    0x10007720  pico
   2.359 <-- data_variable   0x20000f40  103
   2.359 <-- bss_variable    0x20001f0c  3
   2.359 <-- stack_variable  0x20041f7c  1946
   2.359 <-- heap_variable   0x20002408  1951
   4.375 --> fw_info
   4.515 <-- fw_info
   4.515 <-- dbg read_line:90 got fw_info
   4.515 <-- object, address, value
   4.515 <-- main            0x10000329  0xb5f0
   4.515 <-- fw_info         0x1000069d  0x4b3b
   4.531 <-- commands        0x10007b64
   4.531 <-- - enable        0x10000281
   4.531 <-- - disable       0x100002bd
   4.531 <-- - info          0x100002f9
   4.531 <-- - version       0x10000301
   4.531 <-- - ping          0x10000309
   4.531 <-- - mem_info      0x10000319
   4.531 <-- - fw_info       0x10000321
   4.531 <-- DEVICE_PROJECT  0x100076c8  211-command-usb
   4.531 <-- DEVICE_BOARD    0x10007720  pico
   4.531 <-- data_variable   0x20000f40  104
   4.531 <-- bss_variable    0x20001f0c  4
   4.531 <-- stack_variable  0x20041f7c  1946
   4.531 <-- heap_variable   0x20002408  1951
итог: отправлено команд 3, принято строк 57
