задание: 2.1.3
проект: 211-command-usb
устройство: 2e8a:000a
серийный номер: E66540F0A325742C
порт: COM4
начало: 2026-10-01T23:58:52
   0.000 --> mem_info
   0.156 <-- mem_info
   0.156 <-- dbg read_line:91 got mem_info
   0.156 <-- area, start, end, size
   0.156 <-- flash      0x10000000 0x10200000  2097152
   0.156 <-- sram       0x20000000 0x20042000   270336
   0.156 <-- rom        0x00000000 0x00004000    16384
   0.156 <-- image      0x10000000 0x10008444    33860
   0.156 <-- free       0x10008444 0x10200000  2063292
   0.156 <-- boot2      0x10000000 0x10000100      256
   0.156 <-- text       0x10000100 0x100074d4    29652
   0.156 <-- data flash 0x100074d4 0x10008444     3952
   0.156 <-- data ram   0x200000c0 0x20001030     3952
   0.156 <-- bss        0x20001030 0x20001c6c     3132
   0.156 <-- heap       0x20001c6c 0x20040000   254868
   0.156 <-- stack      0x20041800 0x20042000     2048
   0.156 <-- total
   0.156 <-- flash image    33860 = boot2 256 + text 29652 + data 3952
   0.156 <-- flash free   2063292 of 2097152
   0.156 <-- ram used        7084 = data 3952 + bss 3132
   0.172 <-- ram free      254868 for heap and 2048 for stack
итог: отправлено команд 1, принято строк 20
